2026-03-16 14:51:08.562 [background-preinit] INFO  [] org.hibernate.validator.internal.util.Version - HV000001: Hibernate Validator 8.0.1.Final
2026-03-16 14:51:08.590 [main] INFO  [] com.chen404.Chen404Application - Starting Chen404Application using Java 17.0.1 with PID 26172 (D:\code_repo\Chen404\Chen404Bac\target\classes started by Chen in D:\code_repo\Chen404\Chen404Bac)
2026-03-16 14:51:08.590 [main] DEBUG [] com.chen404.Chen404Application - Running with Spring Boot v3.1.8, Spring v6.0.16
2026-03-16 14:51:08.591 [main] INFO  [] com.chen404.Chen404Application - No active profile set, falling back to 1 default profile: "default"
2026-03-16 14:51:09.129 [main] WARN  [] org.mybatis.spring.mapper.ClassPathMapperScanner - Skipping MapperFactoryBean with name 'articleMapper' and 'com.chen404.mapper.ArticleMapper' mapperInterface. Bean already defined with the same name!
2026-03-16 14:51:09.130 [main] WARN  [] org.mybatis.spring.mapper.ClassPathMapperScanner - Skipping MapperFactoryBean with name 'articleTagMapper' and 'com.chen404.mapper.ArticleTagMapper' mapperInterface. Bean already defined with the same name!
2026-03-16 14:51:09.130 [main] WARN  [] org.mybatis.spring.mapper.ClassPathMapperScanner - Skipping MapperFactoryBean with name 'bannerMapper' and 'com.chen404.mapper.BannerMapper' mapperInterface. Bean already defined with the same name!
2026-03-16 14:51:09.130 [main] WARN  [] org.mybatis.spring.mapper.ClassPathMapperScanner - Skipping MapperFactoryBean with name 'categoryMapper' and 'com.chen404.mapper.CategoryMapper' mapperInterface. Bean already defined with the same name!
2026-03-16 14:51:09.130 [main] WARN  [] org.mybatis.spring.mapper.ClassPathMapperScanner - Skipping MapperFactoryBean with name 'roleMapper' and 'com.chen404.mapper.RoleMapper' mapperInterface. Bean already defined with the same name!
2026-03-16 14:51:09.130 [main] WARN  [] org.mybatis.spring.mapper.ClassPathMapperScanner - Skipping MapperFactoryBean with name 'tagMapper' and 'com.chen404.mapper.TagMapper' mapperInterface. Bean already defined with the same name!
2026-03-16 14:51:09.130 [main] WARN  [] org.mybatis.spring.mapper.ClassPathMapperScanner - Skipping MapperFactoryBean with name 'userMapper' and 'com.chen404.mapper.UserMapper' mapperInterface. Bean already defined with the same name!
2026-03-16 14:51:09.131 [main] WARN  [] org.mybatis.spring.mapper.ClassPathMapperScanner - Skipping MapperFactoryBean with name 'userRoleMapper' and 'com.chen404.mapper.UserRoleMapper' mapperInterface. Bean already defined with the same name!
2026-03-16 14:51:09.131 [main] WARN  [] org.mybatis.spring.mapper.ClassPathMapperScanner - No MyBatis mapper was found in '[com.chen404.mapper]' package. Please check your configuration.
2026-03-16 14:51:09.509 [main] INFO  [] org.apache.coyote.http11.Http11NioProtocol - Initializing ProtocolHandler ["http-nio-8080"]
2026-03-16 14:51:09.597 [main] INFO  [] com.chen404.filter.TraceIdFilter - TraceIdFilter 初始化完成
2026-03-16 14:51:10.119 [main] WARN  [] o.s.b.a.s.s.UserDetailsServiceAutoConfiguration - 

Using generated security password: e98aa9fb-1f3e-47c3-a70f-891db5c25196

This generated password is for development use only. Your security configuration must be updated before running your application in production.

2026-03-16 14:51:10.454 [main] INFO  [] org.apache.coyote.http11.Http11NioProtocol - Starting ProtocolHandler ["http-nio-8080"]
2026-03-16 14:51:10.475 [main] INFO  [] com.chen404.Chen404Application - Started Chen404Application in 2.281 seconds (process running for 2.703)
2026-03-16 14:51:54.495 [SpringApplicationShutdownHook] INFO  [] com.chen404.filter.TraceIdFilter - TraceIdFilter 销毁
2026-03-16 14:54:12.328 [background-preinit] INFO  [] org.hibernate.validator.internal.util.Version - HV000001: Hibernate Validator 8.0.1.Final
2026-03-16 14:54:12.351 [main] INFO  [] com.chen404.Chen404Application - Starting Chen404Application using Java 17.0.1 with PID 36068 (D:\code_repo\Chen404\Chen404Bac\target\classes started by Chen in D:\code_repo\Chen404\Chen404Bac)
2026-03-16 14:54:12.351 [main] DEBUG [] com.chen404.Chen404Application - Running with Spring Boot v3.1.8, Spring v6.0.16
2026-03-16 14:54:12.351 [main] INFO  [] com.chen404.Chen404Application - No active profile set, falling back to 1 default profile: "default"
2026-03-16 14:54:12.867 [main] WARN  [] org.mybatis.spring.mapper.ClassPathMapperScanner - Skipping MapperFactoryBean with name 'articleMapper' and 'com.chen404.mapper.ArticleMapper' mapperInterface. Bean already defined with the same name!
2026-03-16 14:54:12.868 [main] WARN  [] org.mybatis.spring.mapper.ClassPathMapperScanner - Skipping MapperFactoryBean with name 'articleTagMapper' and 'com.chen404.mapper.ArticleTagMapper' mapperInterface. Bean already defined with the same name!
2026-03-16 14:54:12.868 [main] WARN  [] org.mybatis.spring.mapper.ClassPathMapperScanner - Skipping MapperFactoryBean with name 'bannerMapper' and 'com.chen404.mapper.BannerMapper' mapperInterface. Bean already defined with the same name!
2026-03-16 14:54:12.868 [main] WARN  [] org.mybatis.spring.mapper.ClassPathMapperScanner - Skipping MapperFactoryBean with name 'categoryMapper' and 'com.chen404.mapper.CategoryMapper' mapperInterface. Bean already defined with the same name!
2026-03-16 14:54:12.868 [main] WARN  [] org.mybatis.spring.mapper.ClassPathMapperScanner - Skipping MapperFactoryBean with name 'roleMapper' and 'com.chen404.mapper.RoleMapper' mapperInterface. Bean already defined with the same name!
2026-03-16 14:54:12.868 [main] WARN  [] org.mybatis.spring.mapper.ClassPathMapperScanner - Skipping MapperFactoryBean with name 'tagMapper' and 'com.chen404.mapper.TagMapper' mapperInterface. Bean already defined with the same name!
2026-03-16 14:54:12.868 [main] WARN  [] org.mybatis.spring.mapper.ClassPathMapperScanner - Skipping MapperFactoryBean with name 'userMapper' and 'com.chen404.mapper.UserMapper' mapperInterface. Bean already defined with the same name!
2026-03-16 14:54:12.868 [main] WARN  [] org.mybatis.spring.mapper.ClassPathMapperScanner - Skipping MapperFactoryBean with name 'userRoleMapper' and 'com.chen404.mapper.UserRoleMapper' mapperInterface. Bean already defined with the same name!
2026-03-16 14:54:12.868 [main] WARN  [] org.mybatis.spring.mapper.ClassPathMapperScanner - No MyBatis mapper was found in '[com.chen404.mapper]' package. Please check your configuration.
2026-03-16 14:54:13.199 [main] INFO  [] org.apache.coyote.http11.Http11NioProtocol - Initializing ProtocolHandler ["http-nio-8080"]
2026-03-16 14:54:13.276 [main] INFO  [] com.chen404.filter.TraceIdFilter - TraceIdFilter 初始化完成
2026-03-16 14:54:13.728 [main] WARN  [] o.s.b.a.s.s.UserDetailsServiceAutoConfiguration - 

Using generated security password: d9df0def-6c74-47c7-9662-bd4dc04314b5

This generated password is for development use only. Your security configuration must be updated before running your application in production.

2026-03-16 14:54:14.000 [main] INFO  [] org.apache.coyote.http11.Http11NioProtocol - Starting ProtocolHandler ["http-nio-8080"]
2026-03-16 14:54:14.018 [main] INFO  [] com.chen404.Chen404Application - Started Chen404Application in 2.001 seconds (process running for 2.355)
2026-03-16 14:56:35.966 [SpringApplicationShutdownHook] INFO  [] com.chen404.filter.TraceIdFilter - TraceIdFilter 销毁
2026-03-16 14:56:40.841 [background-preinit] INFO  [] org.hibernate.validator.internal.util.Version - HV000001: Hibernate Validator 8.0.1.Final
2026-03-16 14:56:40.867 [main] INFO  [] com.chen404.Chen404Application - Starting Chen404Application using Java 17.0.1 with PID 34804 (D:\code_repo\Chen404\Chen404Bac\target\classes started by Chen in D:\code_repo\Chen404\Chen404Bac)
2026-03-16 14:56:40.867 [main] DEBUG [] com.chen404.Chen404Application - Running with Spring Boot v3.1.8, Spring v6.0.16
2026-03-16 14:56:40.868 [main] INFO  [] com.chen404.Chen404Application - No active profile set, falling back to 1 default profile: "default"
2026-03-16 14:56:41.352 [main] WARN  [] org.mybatis.spring.mapper.ClassPathMapperScanner - Skipping MapperFactoryBean with name 'articleMapper' and 'com.chen404.mapper.ArticleMapper' mapperInterface. Bean already defined with the same name!
2026-03-16 14:56:41.352 [main] WARN  [] org.mybatis.spring.mapper.ClassPathMapperScanner - Skipping MapperFactoryBean with name 'articleTagMapper' and 'com.chen404.mapper.ArticleTagMapper' mapperInterface. Bean already defined with the same name!
2026-03-16 14:56:41.352 [main] WARN  [] org.mybatis.spring.mapper.ClassPathMapperScanner - Skipping MapperFactoryBean with name 'bannerMapper' and 'com.chen404.mapper.BannerMapper' mapperInterface. Bean already defined with the same name!
2026-03-16 14:56:41.352 [main] WARN  [] org.mybatis.spring.mapper.ClassPathMapperScanner - Skipping MapperFactoryBean with name 'categoryMapper' and 'com.chen404.mapper.CategoryMapper' mapperInterface. Bean already defined with the same name!
2026-03-16 14:56:41.352 [main] WARN  [] org.mybatis.spring.mapper.ClassPathMapperScanner - Skipping MapperFactoryBean with name 'roleMapper' and 'com.chen404.mapper.RoleMapper' mapperInterface. Bean already defined with the same name!
2026-03-16 14:56:41.353 [main] WARN  [] org.mybatis.spring.mapper.ClassPathMapperScanner - Skipping MapperFactoryBean with name 'tagMapper' and 'com.chen404.mapper.TagMapper' mapperInterface. Bean already defined with the same name!
2026-03-16 14:56:41.353 [main] WARN  [] org.mybatis.spring.mapper.ClassPathMapperScanner - Skipping MapperFactoryBean with name 'userMapper' and 'com.chen404.mapper.UserMapper' mapperInterface. Bean already defined with the same name!
2026-03-16 14:56:41.353 [main] WARN  [] org.mybatis.spring.mapper.ClassPathMapperScanner - Skipping MapperFactoryBean with name 'userRoleMapper' and 'com.chen404.mapper.UserRoleMapper' mapperInterface. Bean already defined with the same name!
2026-03-16 14:56:41.353 [main] WARN  [] org.mybatis.spring.mapper.ClassPathMapperScanner - No MyBatis mapper was found in '[com.chen404.mapper]' package. Please check your configuration.
2026-03-16 14:56:41.652 [main] INFO  [] org.apache.coyote.http11.Http11NioProtocol - Initializing ProtocolHandler ["http-nio-8080"]
2026-03-16 14:56:41.728 [main] INFO  [] com.chen404.filter.TraceIdFilter - TraceIdFilter 初始化完成
2026-03-16 14:56:42.435 [main] INFO  [] org.apache.coyote.http11.Http11NioProtocol - Starting ProtocolHandler ["http-nio-8080"]
2026-03-16 14:56:42.452 [main] INFO  [] com.chen404.Chen404Application - Started Chen404Application in 1.935 seconds (process running for 2.35)
2026-03-16 14:56:53.169 [http-nio-8080-exec-2] ERROR [69b7a9b56a7b02bb] com.chen404.exception.GlobalExceptionHandler - 运行时异常：
java.lang.IllegalStateException: getReader() has already been called for this request
	at org.apache.catalina.connector.Request.getInputStream(Request.java:1026)
	at org.apache.catalina.connector.RequestFacade.getInputStream(RequestFacade.java:298)
	at jakarta.servlet.ServletRequestWrapper.getInputStream(ServletRequestWrapper.java:141)
	at jakarta.servlet.ServletRequestWrapper.getInputStream(ServletRequestWrapper.java:141)
	at jakarta.servlet.ServletRequestWrapper.getInputStream(ServletRequestWrapper.java:141)
	at org.springframework.http.server.ServletServerHttpRequest.getBody(ServletServerHttpRequest.java:206)
	at org.springframework.web.servlet.mvc.method.annotation.AbstractMessageConverterMethodArgumentResolver$EmptyBodyCheckingHttpInputMessage.<init>(AbstractMessageConverterMethodArgumentResolver.java:323)
	at org.springframework.web.servlet.mvc.method.annotation.AbstractMessageConverterMethodArgumentResolver.readWithMessageConverters(AbstractMessageConverterMethodArgumentResolver.java:172)
	at org.springframework.web.servlet.mvc.method.annotation.RequestResponseBodyMethodProcessor.readWithMessageConverters(RequestResponseBodyMethodProcessor.java:163)
	at org.springframework.web.servlet.mvc.method.annotation.RequestResponseBodyMethodProcessor.resolveArgument(RequestResponseBodyMethodProcessor.java:136)
	at org.springframework.web.method.support.HandlerMethodArgumentResolverComposite.resolveArgument(HandlerMethodArgumentResolverComposite.java:122)
	at org.springframework.web.method.support.InvocableHandlerMethod.getMethodArgumentValues(InvocableHandlerMethod.java:179)
	at org.springframework.web.method.support.InvocableHandlerMethod.invokeForRequest(InvocableHandlerMethod.java:146)
	at org.springframework.web.servlet.mvc.method.annotation.ServletInvocableHandlerMethod.invokeAndHandle(ServletInvocableHandlerMethod.java:118)
	at org.springframework.web.servlet.mvc.method.annotation.RequestMappingHandlerAdapter.invokeHandlerMethod(RequestMappingHandlerAdapter.java:884)
	at org.springframework.web.servlet.mvc.method.annotation.RequestMappingHandlerAdapter.handleInternal(RequestMappingHandlerAdapter.java:797)
	at org.springframework.web.servlet.mvc.method.AbstractHandlerMethodAdapter.handle(AbstractHandlerMethodAdapter.java:87)
	at org.springframework.web.servlet.DispatcherServlet.doDispatch(DispatcherServlet.java:1081)
	at org.springframework.web.servlet.DispatcherServlet.doService(DispatcherServlet.java:974)
	at org.springframework.web.servlet.FrameworkServlet.processRequest(FrameworkServlet.java:1014)
	at org.springframework.web.servlet.FrameworkServlet.doPost(FrameworkServlet.java:914)
	at jakarta.servlet.http.HttpServlet.service(HttpServlet.java:590)
	at org.springframework.web.servlet.FrameworkServlet.service(FrameworkServlet.java:885)
	at jakarta.servlet.http.HttpServlet.service(HttpServlet.java:658)
	at org.apache.catalina.core.ApplicationFilterChain.internalDoFilter(ApplicationFilterChain.java:205)
	at org.apache.catalina.core.ApplicationFilterChain.doFilter(ApplicationFilterChain.java:149)
	at org.apache.tomcat.websocket.server.WsFilter.doFilter(WsFilter.java:51)
	at org.apache.catalina.core.ApplicationFilterChain.internalDoFilter(ApplicationFilterChain.java:174)
	at org.apache.catalina.core.ApplicationFilterChain.doFilter(ApplicationFilterChain.java:149)
	at org.springframework.web.filter.CompositeFilter$VirtualFilterChain.doFilter(CompositeFilter.java:108)
	at org.springframework.security.web.FilterChainProxy.lambda$doFilterInternal$3(FilterChainProxy.java:231)
	at org.springframework.security.web.FilterChainProxy$VirtualFilterChain.doFilter(FilterChainProxy.java:365)
	at org.springframework.security.web.access.intercept.AuthorizationFilter.doFilter(AuthorizationFilter.java:100)
	at org.springframework.security.web.FilterChainProxy$VirtualFilterChain.doFilter(FilterChainProxy.java:374)
	at org.springframework.security.web.access.ExceptionTranslationFilter.doFilter(ExceptionTranslationFilter.java:126)
	at org.springframework.security.web.access.ExceptionTranslationFilter.doFilter(ExceptionTranslationFilter.java:120)
	at org.springframework.security.web.FilterChainProxy$VirtualFilterChain.doFilter(FilterChainProxy.java:374)
	at org.springframework.security.web.authentication.AnonymousAuthenticationFilter.doFilter(AnonymousAuthenticationFilter.java:100)
	at org.springframework.security.web.FilterChainProxy$VirtualFilterChain.doFilter(FilterChainProxy.java:374)
	at org.springframework.security.web.servletapi.SecurityContextHolderAwareRequestFilter.doFilter(SecurityContextHolderAwareRequestFilter.java:179)
	at org.springframework.security.web.FilterChainProxy$VirtualFilterChain.doFilter(FilterChainProxy.java:374)
	at org.springframework.security.web.savedrequest.RequestCacheAwareFilter.doFilter(RequestCacheAwareFilter.java:63)
	at org.springframework.security.web.FilterChainProxy$VirtualFilterChain.doFilter(FilterChainProxy.java:374)
	at org.springframework.security.web.authentication.logout.LogoutFilter.doFilter(LogoutFilter.java:107)
	at org.springframework.security.web.authentication.logout.LogoutFilter.doFilter(LogoutFilter.java:93)
	at org.springframework.security.web.FilterChainProxy$VirtualFilterChain.doFilter(FilterChainProxy.java:374)
	at org.springframework.security.web.header.HeaderWriterFilter.doHeadersAfter(HeaderWriterFilter.java:90)
	at org.springframework.security.web.header.HeaderWriterFilter.doFilterInternal(HeaderWriterFilter.java:75)
	at org.springframework.web.filter.OncePerRequestFilter.doFilter(OncePerRequestFilter.java:116)
	at org.springframework.security.web.FilterChainProxy$VirtualFilterChain.doFilter(FilterChainProxy.java:374)
	at org.springframework.security.web.context.SecurityContextHolderFilter.doFilter(SecurityContextHolderFilter.java:82)
	at org.springframework.security.web.context.SecurityContextHolderFilter.doFilter(SecurityContextHolderFilter.java:69)
	at org.springframework.security.web.FilterChainProxy$VirtualFilterChain.doFilter(FilterChainProxy.java:374)
	at org.springframework.security.web.context.request.async.WebAsyncManagerIntegrationFilter.doFilterInternal(WebAsyncManagerIntegrationFilter.java:62)
	at org.springframework.web.filter.OncePerRequestFilter.doFilter(OncePerRequestFilter.java:116)
	at org.springframework.security.web.FilterChainProxy$VirtualFilterChain.doFilter(FilterChainProxy.java:374)
	at org.springframework.security.web.FilterChainProxy.doFilterInternal(FilterChainProxy.java:233)
	at org.springframework.security.web.FilterChainProxy.doFilter(FilterChainProxy.java:191)
	at org.springframework.web.filter.CompositeFilter$VirtualFilterChain.doFilter(CompositeFilter.java:113)
	at org.springframework.web.servlet.handler.HandlerMappingIntrospector.lambda$createCacheFilter$3(HandlerMappingIntrospector.java:195)
	at org.springframework.web.filter.CompositeFilter$VirtualFilterChain.doFilter(CompositeFilter.java:113)
	at org.springframework.web.filter.CompositeFilter.doFilter(CompositeFilter.java:74)
	at org.springframework.security.config.annotation.web.configuration.WebMvcSecurityConfiguration$CompositeFilterChainProxy.doFilter(WebMvcSecurityConfiguration.java:225)
	at org.springframework.web.filter.DelegatingFilterProxy.invokeDelegate(DelegatingFilterProxy.java:352)
	at org.springframework.web.filter.DelegatingFilterProxy.doFilter(DelegatingFilterProxy.java:268)
	at org.apache.catalina.core.ApplicationFilterChain.internalDoFilter(ApplicationFilterChain.java:174)
	at org.apache.catalina.core.ApplicationFilterChain.doFilter(ApplicationFilterChain.java:149)
	at org.springframework.web.filter.RequestContextFilter.doFilterInternal(RequestContextFilter.java:100)
	at org.springframework.web.filter.OncePerRequestFilter.doFilter(OncePerRequestFilter.java:116)
	at org.apache.catalina.core.ApplicationFilterChain.internalDoFilter(ApplicationFilterChain.java:174)
	at org.apache.catalina.core.ApplicationFilterChain.doFilter(ApplicationFilterChain.java:149)
	at org.springframework.web.filter.FormContentFilter.doFilterInternal(FormContentFilter.java:93)
	at org.springframework.web.filter.OncePerRequestFilter.doFilter(OncePerRequestFilter.java:116)
	at org.apache.catalina.core.ApplicationFilterChain.internalDoFilter(ApplicationFilterChain.java:174)
	at org.apache.catalina.core.ApplicationFilterChain.doFilter(ApplicationFilterChain.java:149)
	at org.springframework.web.filter.CharacterEncodingFilter.doFilterInternal(CharacterEncodingFilter.java:201)
	at org.springframework.web.filter.OncePerRequestFilter.doFilter(OncePerRequestFilter.java:116)
	at org.apache.catalina.core.ApplicationFilterChain.internalDoFilter(ApplicationFilterChain.java:174)
	at org.apache.catalina.core.ApplicationFilterChain.doFilter(ApplicationFilterChain.java:149)
	at com.chen404.filter.TraceIdFilter.doFilter(TraceIdFilter.java:55)
	at org.apache.catalina.core.ApplicationFilterChain.internalDoFilter(ApplicationFilterChain.java:174)
	at org.apache.catalina.core.ApplicationFilterChain.doFilter(ApplicationFilterChain.java:149)
	at org.apache.catalina.core.StandardWrapperValve.invoke(StandardWrapperValve.java:167)
	at org.apache.catalina.core.StandardContextValve.invoke(StandardContextValve.java:90)
	at org.apache.catalina.authenticator.AuthenticatorBase.invoke(AuthenticatorBase.java:482)
	at org.apache.catalina.core.StandardHostValve.invoke(StandardHostValve.java:115)
	at org.apache.catalina.valves.ErrorReportValve.invoke(ErrorReportValve.java:93)
	at org.apache.catalina.core.StandardEngineValve.invoke(StandardEngineValve.java:74)
	at org.apache.catalina.connector.CoyoteAdapter.service(CoyoteAdapter.java:340)
	at org.apache.coyote.http11.Http11Processor.service(Http11Processor.java:391)
	at org.apache.coyote.AbstractProcessorLight.process(AbstractProcessorLight.java:63)
	at org.apache.coyote.AbstractProtocol$ConnectionHandler.process(AbstractProtocol.java:896)
	at org.apache.tomcat.util.net.NioEndpoint$SocketProcessor.doRun(NioEndpoint.java:1744)
	at org.apache.tomcat.util.net.SocketProcessorBase.run(SocketProcessorBase.java:52)
	at org.apache.tomcat.util.threads.ThreadPoolExecutor.runWorker(ThreadPoolExecutor.java:1191)
	at org.apache.tomcat.util.threads.ThreadPoolExecutor$Worker.run(ThreadPoolExecutor.java:659)
	at org.apache.tomcat.util.threads.TaskThread$WrappingRunnable.run(TaskThread.java:61)
	at java.base/java.lang.Thread.run(Thread.java:833)
2026-03-16 14:58:59.866 [SpringApplicationShutdownHook] INFO  [] com.chen404.filter.TraceIdFilter - TraceIdFilter 销毁
2026-03-16 14:59:18.208 [background-preinit] INFO  [] org.hibernate.validator.internal.util.Version - HV000001: Hibernate Validator 8.0.1.Final
2026-03-16 14:59:18.230 [main] INFO  [] com.chen404.Chen404Application - Starting Chen404Application using Java 17.0.1 with PID 20440 (D:\code_repo\Chen404\Chen404Bac\target\classes started by Chen in D:\code_repo\Chen404\Chen404Bac)
2026-03-16 14:59:18.230 [main] DEBUG [] com.chen404.Chen404Application - Running with Spring Boot v3.1.8, Spring v6.0.16
2026-03-16 14:59:18.230 [main] INFO  [] com.chen404.Chen404Application - No active profile set, falling back to 1 default profile: "default"
2026-03-16 14:59:18.742 [main] WARN  [] org.mybatis.spring.mapper.ClassPathMapperScanner - Skipping MapperFactoryBean with name 'articleMapper' and 'com.chen404.mapper.ArticleMapper' mapperInterface. Bean already defined with the same name!
2026-03-16 14:59:18.743 [main] WARN  [] org.mybatis.spring.mapper.ClassPathMapperScanner - Skipping MapperFactoryBean with name 'articleTagMapper' and 'com.chen404.mapper.ArticleTagMapper' mapperInterface. Bean already defined with the same name!
2026-03-16 14:59:18.743 [main] WARN  [] org.mybatis.spring.mapper.ClassPathMapperScanner - Skipping MapperFactoryBean with name 'bannerMapper' and 'com.chen404.mapper.BannerMapper' mapperInterface. Bean already defined with the same name!
2026-03-16 14:59:18.743 [main] WARN  [] org.mybatis.spring.mapper.ClassPathMapperScanner - Skipping MapperFactoryBean with name 'categoryMapper' and 'com.chen404.mapper.CategoryMapper' mapperInterface. Bean already defined with the same name!
2026-03-16 14:59:18.743 [main] WARN  [] org.mybatis.spring.mapper.ClassPathMapperScanner - Skipping MapperFactoryBean with name 'roleMapper' and 'com.chen404.mapper.RoleMapper' mapperInterface. Bean already defined with the same name!
2026-03-16 14:59:18.743 [main] WARN  [] org.mybatis.spring.mapper.ClassPathMapperScanner - Skipping MapperFactoryBean with name 'tagMapper' and 'com.chen404.mapper.TagMapper' mapperInterface. Bean already defined with the same name!
2026-03-16 14:59:18.743 [main] WARN  [] org.mybatis.spring.mapper.ClassPathMapperScanner - Skipping MapperFactoryBean with name 'userMapper' and 'com.chen404.mapper.UserMapper' mapperInterface. Bean already defined with the same name!
2026-03-16 14:59:18.743 [main] WARN  [] org.mybatis.spring.mapper.ClassPathMapperScanner - Skipping MapperFactoryBean with name 'userRoleMapper' and 'com.chen404.mapper.UserRoleMapper' mapperInterface. Bean already defined with the same name!
2026-03-16 14:59:18.743 [main] WARN  [] org.mybatis.spring.mapper.ClassPathMapperScanner - No MyBatis mapper was found in '[com.chen404.mapper]' package. Please check your configuration.
2026-03-16 14:59:19.054 [main] INFO  [] org.apache.coyote.http11.Http11NioProtocol - Initializing ProtocolHandler ["http-nio-8080"]
2026-03-16 14:59:19.145 [main] INFO  [] com.chen404.filter.TraceIdFilter - TraceIdFilter 初始化完成
2026-03-16 14:59:19.145 [main] INFO  [] com.chen404.filter.RequestBodyCacheFilter - RequestBodyCacheFilter 初始化完成
2026-03-16 14:59:19.145 [main] INFO  [] com.chen404.filter.RequestBodyCacheFilter - RequestBodyCacheFilter 初始化完成
2026-03-16 14:59:19.895 [main] INFO  [] org.apache.coyote.http11.Http11NioProtocol - Starting ProtocolHandler ["http-nio-8080"]
2026-03-16 14:59:19.918 [main] INFO  [] com.chen404.Chen404Application - Started Chen404Application in 2.03 seconds (process running for 2.405)
2026-03-16 14:59:24.380 [http-nio-8080-exec-1] INFO  [69b7aa4c90c23fdd] com.zaxxer.hikari.HikariDataSource - Chen404HikariCP - Starting...
2026-03-16 14:59:24.507 [http-nio-8080-exec-1] INFO  [69b7aa4c90c23fdd] com.zaxxer.hikari.pool.HikariPool - Chen404HikariCP - Added connection com.mysql.cj.jdbc.ConnectionImpl@3037ebbe
2026-03-16 14:59:24.508 [http-nio-8080-exec-1] INFO  [69b7aa4c90c23fdd] com.zaxxer.hikari.HikariDataSource - Chen404HikariCP - Start completed.
2026-03-16 14:59:24.512 [http-nio-8080-exec-1] DEBUG [69b7aa4c90c23fdd] com.chen404.mapper.UserMapper.selectByEmail - ==>  Preparing: SELECT * FROM sys_user WHERE email = ? AND deleted = 0
2026-03-16 14:59:24.526 [http-nio-8080-exec-1] DEBUG [69b7aa4c90c23fdd] com.chen404.mapper.UserMapper.selectByEmail - ==> Parameters: helychen@outlook.com(String)
2026-03-16 14:59:24.539 [http-nio-8080-exec-1] DEBUG [69b7aa4c90c23fdd] com.chen404.mapper.UserMapper.selectByEmail - <==      Total: 1
2026-03-16 14:59:24.643 [http-nio-8080-exec-1] DEBUG [69b7aa4c90c23fdd] com.chen404.mapper.UserMapper.updateById - ==>  Preparing: UPDATE sys_user SET username=?, password=?, nickname=?, email=?, avatar=?, status=?, email_verified=?, phone_verified=?, last_login_time=?, last_login_ip=?, create_time=?, update_time=? WHERE id=? AND deleted=0
2026-03-16 14:59:24.646 [http-nio-8080-exec-1] DEBUG [69b7aa4c90c23fdd] com.chen404.mapper.UserMapper.updateById - ==> Parameters: helychen(String), $2a$10$gRtU3Su8/n0.y73LbAaAzeuYXyImaUaP0W4BTCmLKfT4qG6fVsqLa(String), 管理员(String), helychen@outlook.com(String), /default-avatar.jpg(String), 1(Integer), 1(Integer), 0(Integer), 2026-03-16T14:59:24.605761100(LocalDateTime), 0.0.0.0(String), 2026-03-16T03:06:50(LocalDateTime), 2026-03-16T14:19:33(LocalDateTime), 1(Long)
2026-03-16 14:59:24.652 [http-nio-8080-exec-1] DEBUG [69b7aa4c90c23fdd] com.chen404.mapper.UserMapper.updateById - <==    Updates: 1
2026-03-16 14:59:24.652 [http-nio-8080-exec-1] DEBUG [69b7aa4c90c23fdd] com.chen404.mapper.RoleMapper.selectRolesByUserId - ==>  Preparing: SELECT r.* FROM sys_role r INNER JOIN sys_user_role ur ON r.id = ur.role_id WHERE ur.user_id = ? AND r.status = 1
2026-03-16 14:59:24.653 [http-nio-8080-exec-1] DEBUG [69b7aa4c90c23fdd] com.chen404.mapper.RoleMapper.selectRolesByUserId - ==> Parameters: 1(Long)
2026-03-16 14:59:24.657 [http-nio-8080-exec-1] DEBUG [69b7aa4c90c23fdd] com.chen404.mapper.RoleMapper.selectRolesByUserId - <==      Total: 1
2026-03-16 15:04:11.505 [SpringApplicationShutdownHook] INFO  [] com.chen404.filter.TraceIdFilter - TraceIdFilter 销毁
2026-03-16 15:04:11.506 [SpringApplicationShutdownHook] INFO  [] com.chen404.filter.RequestBodyCacheFilter - RequestBodyCacheFilter 销毁
2026-03-16 15:04:11.506 [SpringApplicationShutdownHook] INFO  [] com.chen404.filter.RequestBodyCacheFilter - RequestBodyCacheFilter 销毁
2026-03-16 15:04:11.520 [SpringApplicationShutdownHook] INFO  [] com.zaxxer.hikari.HikariDataSource - Chen404HikariCP - Shutdown initiated...
2026-03-16 15:04:11.525 [SpringApplicationShutdownHook] INFO  [] com.zaxxer.hikari.HikariDataSource - Chen404HikariCP - Shutdown completed.
2026-03-16 15:04:17.501 [background-preinit] INFO  [] org.hibernate.validator.internal.util.Version - HV000001: Hibernate Validator 8.0.1.Final
2026-03-16 15:04:17.525 [main] INFO  [] com.chen404.Chen404Application - Starting Chen404Application using Java 17.0.1 with PID 36368 (D:\code_repo\Chen404\Chen404Bac\target\classes started by Chen in D:\code_repo\Chen404\Chen404Bac)
2026-03-16 15:04:17.525 [main] DEBUG [] com.chen404.Chen404Application - Running with Spring Boot v3.1.8, Spring v6.0.16
2026-03-16 15:04:17.526 [main] INFO  [] com.chen404.Chen404Application - No active profile set, falling back to 1 default profile: "default"
2026-03-16 15:04:18.047 [main] WARN  [] org.mybatis.spring.mapper.ClassPathMapperScanner - Skipping MapperFactoryBean with name 'articleMapper' and 'com.chen404.mapper.ArticleMapper' mapperInterface. Bean already defined with the same name!
2026-03-16 15:04:18.047 [main] WARN  [] org.mybatis.spring.mapper.ClassPathMapperScanner - Skipping MapperFactoryBean with name 'articleTagMapper' and 'com.chen404.mapper.ArticleTagMapper' mapperInterface. Bean already defined with the same name!
2026-03-16 15:04:18.047 [main] WARN  [] org.mybatis.spring.mapper.ClassPathMapperScanner - Skipping MapperFactoryBean with name 'bannerMapper' and 'com.chen404.mapper.BannerMapper' mapperInterface. Bean already defined with the same name!
2026-03-16 15:04:18.047 [main] WARN  [] org.mybatis.spring.mapper.ClassPathMapperScanner - Skipping MapperFactoryBean with name 'categoryMapper' and 'com.chen404.mapper.CategoryMapper' mapperInterface. Bean already defined with the same name!
2026-03-16 15:04:18.047 [main] WARN  [] org.mybatis.spring.mapper.ClassPathMapperScanner - Skipping MapperFactoryBean with name 'roleMapper' and 'com.chen404.mapper.RoleMapper' mapperInterface. Bean already defined with the same name!
2026-03-16 15:04:18.047 [main] WARN  [] org.mybatis.spring.mapper.ClassPathMapperScanner - Skipping MapperFactoryBean with name 'tagMapper' and 'com.chen404.mapper.TagMapper' mapperInterface. Bean already defined with the same name!
2026-03-16 15:04:18.047 [main] WARN  [] org.mybatis.spring.mapper.ClassPathMapperScanner - Skipping MapperFactoryBean with name 'userMapper' and 'com.chen404.mapper.UserMapper' mapperInterface. Bean already defined with the same name!
2026-03-16 15:04:18.047 [main] WARN  [] org.mybatis.spring.mapper.ClassPathMapperScanner - Skipping MapperFactoryBean with name 'userRoleMapper' and 'com.chen404.mapper.UserRoleMapper' mapperInterface. Bean already defined with the same name!
2026-03-16 15:04:18.048 [main] WARN  [] org.mybatis.spring.mapper.ClassPathMapperScanner - No MyBatis mapper was found in '[com.chen404.mapper]' package. Please check your configuration.
2026-03-16 15:04:18.385 [main] INFO  [] org.apache.coyote.http11.Http11NioProtocol - Initializing ProtocolHandler ["http-nio-8080"]
2026-03-16 15:04:18.470 [main] INFO  [] com.chen404.filter.TraceIdFilter - TraceIdFilter 初始化完成
2026-03-16 15:04:18.470 [main] INFO  [] com.chen404.filter.RequestBodyCacheFilter - RequestBodyCacheFilter 初始化完成
2026-03-16 15:04:18.471 [main] INFO  [] com.chen404.filter.RequestBodyCacheFilter - RequestBodyCacheFilter 初始化完成
2026-03-16 15:04:19.271 [main] INFO  [] org.apache.coyote.http11.Http11NioProtocol - Starting ProtocolHandler ["http-nio-8080"]
2026-03-16 15:04:19.289 [main] INFO  [] com.chen404.Chen404Application - Started Chen404Application in 2.115 seconds (process running for 2.511)
2026-03-16 15:04:40.808 [http-nio-8080-exec-1] INFO  [69b7ab885a9a83fa] com.zaxxer.hikari.HikariDataSource - Chen404HikariCP - Starting...
2026-03-16 15:04:40.931 [http-nio-8080-exec-1] INFO  [69b7ab885a9a83fa] com.zaxxer.hikari.pool.HikariPool - Chen404HikariCP - Added connection com.mysql.cj.jdbc.ConnectionImpl@7c2e9999
2026-03-16 15:04:40.932 [http-nio-8080-exec-1] INFO  [69b7ab885a9a83fa] com.zaxxer.hikari.HikariDataSource - Chen404HikariCP - Start completed.
2026-03-16 15:04:40.937 [http-nio-8080-exec-1] DEBUG [69b7ab885a9a83fa] com.chen404.mapper.UserMapper.selectByEmail - ==>  Preparing: SELECT * FROM sys_user WHERE email = ? AND deleted = 0
2026-03-16 15:04:40.963 [http-nio-8080-exec-1] DEBUG [69b7ab885a9a83fa] com.chen404.mapper.UserMapper.selectByEmail - ==> Parameters: helychen@outlook.com(String)
2026-03-16 15:04:40.977 [http-nio-8080-exec-1] DEBUG [69b7ab885a9a83fa] com.chen404.mapper.UserMapper.selectByEmail - <==      Total: 1
2026-03-16 15:04:41.091 [http-nio-8080-exec-1] DEBUG [69b7ab885a9a83fa] com.chen404.mapper.UserMapper.updateById - ==>  Preparing: UPDATE sys_user SET username=?, password=?, nickname=?, email=?, avatar=?, status=?, email_verified=?, phone_verified=?, last_login_time=?, last_login_ip=?, create_time=?, update_time=? WHERE id=? AND deleted=0
2026-03-16 15:04:41.092 [http-nio-8080-exec-1] DEBUG [69b7ab885a9a83fa] com.chen404.mapper.UserMapper.updateById - ==> Parameters: helychen(String), $2a$10$gRtU3Su8/n0.y73LbAaAzeuYXyImaUaP0W4BTCmLKfT4qG6fVsqLa(String), 管理员(String), helychen@outlook.com(String), /default-avatar.jpg(String), 1(Integer), 1(Integer), 0(Integer), 2026-03-16T15:04:41.056174200(LocalDateTime), 0.0.0.0(String), 2026-03-16T03:06:50(LocalDateTime), 2026-03-16T14:19:33(LocalDateTime), 1(Long)
2026-03-16 15:04:41.101 [http-nio-8080-exec-1] DEBUG [69b7ab885a9a83fa] com.chen404.mapper.UserMapper.updateById - <==    Updates: 1
2026-03-16 15:04:41.102 [http-nio-8080-exec-1] DEBUG [69b7ab885a9a83fa] com.chen404.mapper.RoleMapper.selectRolesByUserId - ==>  Preparing: SELECT r.* FROM sys_role r INNER JOIN sys_user_role ur ON r.id = ur.role_id WHERE ur.user_id = ? AND r.status = 1
2026-03-16 15:04:41.102 [http-nio-8080-exec-1] DEBUG [69b7ab885a9a83fa] com.chen404.mapper.RoleMapper.selectRolesByUserId - ==> Parameters: 1(Long)
2026-03-16 15:04:41.105 [http-nio-8080-exec-1] DEBUG [69b7ab885a9a83fa] com.chen404.mapper.RoleMapper.selectRolesByUserId - <==      Total: 1
2026-03-16 15:12:36.066 [http-nio-8080-exec-3] DEBUG [69b7ad640e02da27] com.chen404.mapper.UserMapper.selectByEmail - ==>  Preparing: SELECT * FROM sys_user WHERE email = ? AND deleted = 0
2026-03-16 15:12:36.067 [http-nio-8080-exec-3] DEBUG [69b7ad640e02da27] com.chen404.mapper.UserMapper.selectByEmail - ==> Parameters: helychen@outlook.com(String)
2026-03-16 15:12:36.071 [http-nio-8080-exec-3] DEBUG [69b7ad640e02da27] com.chen404.mapper.UserMapper.selectByEmail - <==      Total: 1
2026-03-16 15:12:36.132 [http-nio-8080-exec-3] DEBUG [69b7ad640e02da27] com.chen404.mapper.UserMapper.updateById - ==>  Preparing: UPDATE sys_user SET username=?, password=?, nickname=?, email=?, avatar=?, status=?, email_verified=?, phone_verified=?, last_login_time=?, last_login_ip=?, create_time=?, update_time=? WHERE id=? AND deleted=0
2026-03-16 15:12:36.132 [http-nio-8080-exec-3] DEBUG [69b7ad640e02da27] com.chen404.mapper.UserMapper.updateById - ==> Parameters: helychen(String), $2a$10$gRtU3Su8/n0.y73LbAaAzeuYXyImaUaP0W4BTCmLKfT4qG6fVsqLa(String), 管理员(String), helychen@outlook.com(String), /default-avatar.jpg(String), 1(Integer), 1(Integer), 0(Integer), 2026-03-16T15:12:36.131977400(LocalDateTime), 0.0.0.0(String), 2026-03-16T03:06:50(LocalDateTime), 2026-03-16T14:19:33(LocalDateTime), 1(Long)
2026-03-16 15:12:36.142 [http-nio-8080-exec-3] DEBUG [69b7ad640e02da27] com.chen404.mapper.UserMapper.updateById - <==    Updates: 1
2026-03-16 15:12:36.143 [http-nio-8080-exec-3] DEBUG [69b7ad640e02da27] com.chen404.mapper.RoleMapper.selectRolesByUserId - ==>  Preparing: SELECT r.* FROM sys_role r INNER JOIN sys_user_role ur ON r.id = ur.role_id WHERE ur.user_id = ? AND r.status = 1
2026-03-16 15:12:36.144 [http-nio-8080-exec-3] DEBUG [69b7ad640e02da27] com.chen404.mapper.RoleMapper.selectRolesByUserId - ==> Parameters: 1(Long)
2026-03-16 15:12:36.146 [http-nio-8080-exec-3] DEBUG [69b7ad640e02da27] com.chen404.mapper.RoleMapper.selectRolesByUserId - <==      Total: 1
2026-03-16 15:26:05.360 [SpringApplicationShutdownHook] INFO  [] com.chen404.filter.TraceIdFilter - TraceIdFilter 销毁
2026-03-16 15:26:05.360 [SpringApplicationShutdownHook] INFO  [] com.chen404.filter.RequestBodyCacheFilter - RequestBodyCacheFilter 销毁
2026-03-16 15:26:05.360 [SpringApplicationShutdownHook] INFO  [] com.chen404.filter.RequestBodyCacheFilter - RequestBodyCacheFilter 销毁
2026-03-16 15:26:05.371 [SpringApplicationShutdownHook] INFO  [] com.zaxxer.hikari.HikariDataSource - Chen404HikariCP - Shutdown initiated...
2026-03-16 15:26:05.375 [SpringApplicationShutdownHook] INFO  [] com.zaxxer.hikari.HikariDataSource - Chen404HikariCP - Shutdown completed.
