2026-03-16 14:56:53.143 [http-nio-8080-exec-1] INFO  [69b7a9b5f2a904c2] com.chen404.interceptor.LoggingInterceptor - [REQUEST] {
	"headers":{
		
	},
	"method":"OPTIONS",
	"clientIp":"0:0:0:0:0:0:0:1",
	"uri":"/api/auth/login"
}
2026-03-16 14:56:53.152 [http-nio-8080-exec-1] INFO  [69b7a9b5f2a904c2] com.chen404.interceptor.LoggingInterceptor - [RESPONSE] OPTIONS /api/auth/login - {"duration":"81ms","status":200}
2026-03-16 14:56:53.160 [http-nio-8080-exec-2] INFO  [69b7a9b56a7b02bb] com.chen404.interceptor.LoggingInterceptor - [REQUEST] {
	"headers":{
		"Authorization":"Bearer eyJhbGciOi...",
		"Content-Type":"application/json"
	},
	"method":"POST",
	"clientIp":"0:0:0:0:0:0:0:1",
	"body":"{\"username\":\"helychen@outlook.com\",\"password\":\"******\"}",
	"uri":"/api/auth/login"
}
2026-03-16 14:56:53.204 [http-nio-8080-exec-2] INFO  [69b7a9b56a7b02bb] com.chen404.interceptor.LoggingInterceptor - [RESPONSE] POST /api/auth/login - {"duration":"44ms","status":200}
2026-03-16 14:59:24.284 [http-nio-8080-exec-1] INFO  [69b7aa4c90c23fdd] com.chen404.interceptor.LoggingInterceptor - [REQUEST] {
	"headers":{
		"Authorization":"Bearer eyJhbGciOi...",
		"Content-Type":"application/json"
	},
	"method":"POST",
	"clientIp":"0:0:0:0:0:0:0:1",
	"body":"{\"username\":\"helychen@outlook.com\",\"password\":\"******\"}",
	"uri":"/api/auth/login"
}
2026-03-16 14:59:24.686 [http-nio-8080-exec-1] INFO  [69b7aa4c90c23fdd] com.chen404.interceptor.LoggingInterceptor - [RESPONSE] POST /api/auth/login - {"duration":"486ms","status":200}
2026-03-16 15:04:40.725 [http-nio-8080-exec-1] INFO  [69b7ab885a9a83fa] com.chen404.interceptor.LoggingInterceptor - 
========== REQUEST START ==========
TraceId    : 69b7ab885a9a83fa
Method     : POST
URI        : /api/auth/login
ClientIP   : 0:0:0:0:0:0:0:1
Headers    : { content-type=application/json, user-agent=Mozilla/5.0 (Windows NT 10.0; Win64; x64) AppleWebKit/537.36 (KHTML, like Gecko) Chrome/146.0.0.0 Safari/537.36 Edg/146.0.0.0 }
Body       : {"username":"helychen@outlook.com","password":"******"}
========== REQUEST END ==========
2026-03-16 15:04:41.133 [http-nio-8080-exec-1] INFO  [69b7ab885a9a83fa] com.chen404.interceptor.LoggingInterceptor - 
========== RESPONSE START ==========
TraceId    : 69b7ab885a9a83fa
Method     : POST
URI        : /api/auth/login
Status     : 200
Duration   : 409ms
========== RESPONSE END ==========
2026-03-16 15:12:36.061 [http-nio-8080-exec-3] INFO  [69b7ad640e02da27] com.chen404.interceptor.LoggingInterceptor - 
========== REQUEST START ==========
TraceId    : 69b7ad640e02da27
Method     : POST
URI        : /api/auth/login
ClientIP   : 0:0:0:0:0:0:0:1
Headers    : { authorization=Bearer eyJhbGci..., content-type=application/json, user-agent=Mozilla/5.0 (Windows NT 10.0; Win64; x64) AppleWebKit/537.36 (KHTML, like Gecko) Chrome/146.0.0.0 Safari/537.36 Edg/146.0.0.0 }
Body       : {"username":"helychen@outlook.com","password":"******"}
========== REQUEST END ==========
2026-03-16 15:12:36.148 [http-nio-8080-exec-3] INFO  [69b7ad640e02da27] com.chen404.interceptor.LoggingInterceptor - 
========== RESPONSE START ==========
TraceId    : 69b7ad640e02da27
Method     : POST
URI        : /api/auth/login
Status     : 200
Duration   : 87ms
========== RESPONSE END ==========
2026-03-16 15:12:59.243 [http-nio-8080-exec-5] INFO  [69b7ad7bb805db24] com.chen404.interceptor.LoggingInterceptor - 
========== REQUEST START ==========
TraceId    : 69b7ad7bb805db24
Method     : OPTIONS
URI        : /api/tags
Query      : withArticleCount=true
ClientIP   : 0:0:0:0:0:0:0:1
Headers    : { user-agent=Mozilla/5.0 (Windows NT 10.0; Win64; x64) AppleWebKit/537.36 (KHTML, like Gecko) Chrome/146.0.0.0 Safari/537.36 Edg/146.0.0.0 }
Params     : { withArticleCount=true }
========== REQUEST END ==========
2026-03-16 15:12:59.244 [http-nio-8080-exec-4] INFO  [69b7ad7bc31b1f3b] com.chen404.interceptor.LoggingInterceptor - 
========== REQUEST START ==========
TraceId    : 69b7ad7bc31b1f3b
Method     : OPTIONS
URI        : /api/categories
Query      : withArticleCount=true
ClientIP   : 0:0:0:0:0:0:0:1
Headers    : { user-agent=Mozilla/5.0 (Windows NT 10.0; Win64; x64) AppleWebKit/537.36 (KHTML, like Gecko) Chrome/146.0.0.0 Safari/537.36 Edg/146.0.0.0 }
Params     : { withArticleCount=true }
========== REQUEST END ==========
2026-03-16 15:12:59.246 [http-nio-8080-exec-5] INFO  [69b7ad7bb805db24] com.chen404.interceptor.LoggingInterceptor - 
========== RESPONSE START ==========
TraceId    : 69b7ad7bb805db24
Method     : OPTIONS
URI        : /api/tags
Status     : 401
Duration   : 3ms
========== RESPONSE END ==========
2026-03-16 15:12:59.246 [http-nio-8080-exec-4] INFO  [69b7ad7bc31b1f3b] com.chen404.interceptor.LoggingInterceptor - 
========== RESPONSE START ==========
TraceId    : 69b7ad7bc31b1f3b
Method     : OPTIONS
URI        : /api/categories
Status     : 401
Duration   : 3ms
========== RESPONSE END ==========
2026-03-16 15:23:32.821 [http-nio-8080-exec-9] INFO  [69b7aff4e59ffc52] com.chen404.interceptor.LoggingInterceptor - 
========== REQUEST START ==========
TraceId    : 69b7aff4e59ffc52
Method     : OPTIONS
URI        : /api/tags
Query      : withArticleCount=true
ClientIP   : 0:0:0:0:0:0:0:1
Headers    : { user-agent=Mozilla/5.0 (Windows NT 10.0; Win64; x64) AppleWebKit/537.36 (KHTML, like Gecko) Chrome/146.0.0.0 Safari/537.36 Edg/146.0.0.0 }
Params     : { withArticleCount=true }
========== REQUEST END ==========
2026-03-16 15:23:32.821 [http-nio-8080-exec-8] INFO  [69b7aff4f377c60d] com.chen404.interceptor.LoggingInterceptor - 
========== REQUEST START ==========
TraceId    : 69b7aff4f377c60d
Method     : OPTIONS
URI        : /api/categories
Query      : withArticleCount=true
ClientIP   : 0:0:0:0:0:0:0:1
Headers    : { user-agent=Mozilla/5.0 (Windows NT 10.0; Win64; x64) AppleWebKit/537.36 (KHTML, like Gecko) Chrome/146.0.0.0 Safari/537.36 Edg/146.0.0.0 }
Params     : { withArticleCount=true }
========== REQUEST END ==========
2026-03-16 15:23:32.823 [http-nio-8080-exec-9] INFO  [69b7aff4e59ffc52] com.chen404.interceptor.LoggingInterceptor - 
========== RESPONSE START ==========
TraceId    : 69b7aff4e59ffc52
Method     : OPTIONS
URI        : /api/tags
Status     : 401
Duration   : 3ms
========== RESPONSE END ==========
2026-03-16 15:23:32.824 [http-nio-8080-exec-8] INFO  [69b7aff4f377c60d] com.chen404.interceptor.LoggingInterceptor - 
========== RESPONSE START ==========
TraceId    : 69b7aff4f377c60d
Method     : OPTIONS
URI        : /api/categories
Status     : 401
Duration   : 4ms
========== RESPONSE END ==========
2026-03-16 15:23:44.523 [http-nio-8080-exec-1] INFO  [69b7b000be3bc131] com.chen404.interceptor.LoggingInterceptor - 
========== REQUEST START ==========
TraceId    : 69b7b000be3bc131
Method     : OPTIONS
URI        : /api/tags
Query      : withArticleCount=true
ClientIP   : 0:0:0:0:0:0:0:1
Headers    : { user-agent=Mozilla/5.0 (Windows NT 10.0; Win64; x64) AppleWebKit/537.36 (KHTML, like Gecko) Chrome/146.0.0.0 Safari/537.36 Edg/146.0.0.0 }
Params     : { withArticleCount=true }
========== REQUEST END ==========
2026-03-16 15:23:44.524 [http-nio-8080-exec-1] INFO  [69b7b000be3bc131] com.chen404.interceptor.LoggingInterceptor - 
========== RESPONSE START ==========
TraceId    : 69b7b000be3bc131
Method     : OPTIONS
URI        : /api/tags
Status     : 401
Duration   : 2ms
========== RESPONSE END ==========
2026-03-16 15:23:44.523 [http-nio-8080-exec-10] INFO  [69b7b000afcac229] com.chen404.interceptor.LoggingInterceptor - 
========== REQUEST START ==========
TraceId    : 69b7b000afcac229
Method     : OPTIONS
URI        : /api/categories
Query      : withArticleCount=true
ClientIP   : 0:0:0:0:0:0:0:1
Headers    : { user-agent=Mozilla/5.0 (Windows NT 10.0; Win64; x64) AppleWebKit/537.36 (KHTML, like Gecko) Chrome/146.0.0.0 Safari/537.36 Edg/146.0.0.0 }
Params     : { withArticleCount=true }
========== REQUEST END ==========
2026-03-16 15:23:44.525 [http-nio-8080-exec-10] INFO  [69b7b000afcac229] com.chen404.interceptor.LoggingInterceptor - 
========== RESPONSE START ==========
TraceId    : 69b7b000afcac229
Method     : OPTIONS
URI        : /api/categories
Status     : 401
Duration   : 3ms
========== RESPONSE END ==========
2026-03-16 15:23:58.806 [http-nio-8080-exec-2] INFO  [69b7b00e3d258831] com.chen404.interceptor.LoggingInterceptor - 
========== REQUEST START ==========
TraceId    : 69b7b00e3d258831
Method     : OPTIONS
URI        : /api/categories
Query      : withArticleCount=true
ClientIP   : 0:0:0:0:0:0:0:1
Headers    : { user-agent=Mozilla/5.0 (Windows NT 10.0; Win64; x64) AppleWebKit/537.36 (KHTML, like Gecko) Chrome/146.0.0.0 Safari/537.36 Edg/146.0.0.0 }
Params     : { withArticleCount=true }
========== REQUEST END ==========
2026-03-16 15:23:58.808 [http-nio-8080-exec-2] INFO  [69b7b00e3d258831] com.chen404.interceptor.LoggingInterceptor - 
========== RESPONSE START ==========
TraceId    : 69b7b00e3d258831
Method     : OPTIONS
URI        : /api/categories
Status     : 401
Duration   : 2ms
========== RESPONSE END ==========
2026-03-16 15:23:58.812 [http-nio-8080-exec-3] INFO  [69b7b00eee7ca3c4] com.chen404.interceptor.LoggingInterceptor - 
========== REQUEST START ==========
TraceId    : 69b7b00eee7ca3c4
Method     : OPTIONS
URI        : /api/tags
Query      : withArticleCount=true
ClientIP   : 0:0:0:0:0:0:0:1
Headers    : { user-agent=Mozilla/5.0 (Windows NT 10.0; Win64; x64) AppleWebKit/537.36 (KHTML, like Gecko) Chrome/146.0.0.0 Safari/537.36 Edg/146.0.0.0 }
Params     : { withArticleCount=true }
========== REQUEST END ==========
2026-03-16 15:23:58.814 [http-nio-8080-exec-3] INFO  [69b7b00eee7ca3c4] com.chen404.interceptor.LoggingInterceptor - 
========== RESPONSE START ==========
TraceId    : 69b7b00eee7ca3c4
Method     : OPTIONS
URI        : /api/tags
Status     : 401
Duration   : 2ms
========== RESPONSE END ==========
2026-03-16 15:24:05.590 [http-nio-8080-exec-4] INFO  [69b7b0155648a371] com.chen404.interceptor.LoggingInterceptor - 
========== REQUEST START ==========
TraceId    : 69b7b0155648a371
Method     : OPTIONS
URI        : /api/categories
Query      : withArticleCount=true
ClientIP   : 0:0:0:0:0:0:0:1
Headers    : { user-agent=Mozilla/5.0 (Windows NT 10.0; Win64; x64) AppleWebKit/537.36 (KHTML, like Gecko) Chrome/146.0.0.0 Safari/537.36 Edg/146.0.0.0 }
Params     : { withArticleCount=true }
========== REQUEST END ==========
2026-03-16 15:24:05.591 [http-nio-8080-exec-4] INFO  [69b7b0155648a371] com.chen404.interceptor.LoggingInterceptor - 
========== RESPONSE START ==========
TraceId    : 69b7b0155648a371
Method     : OPTIONS
URI        : /api/categories
Status     : 401
Duration   : 1ms
========== RESPONSE END ==========
2026-03-16 15:24:05.592 [http-nio-8080-exec-4] INFO  [69b7b015f7bbabdc] com.chen404.interceptor.LoggingInterceptor - 
========== REQUEST START ==========
TraceId    : 69b7b015f7bbabdc
Method     : OPTIONS
URI        : /api/tags
Query      : withArticleCount=true
ClientIP   : 0:0:0:0:0:0:0:1
Headers    : { user-agent=Mozilla/5.0 (Windows NT 10.0; Win64; x64) AppleWebKit/537.36 (KHTML, like Gecko) Chrome/146.0.0.0 Safari/537.36 Edg/146.0.0.0 }
Params     : { withArticleCount=true }
========== REQUEST END ==========
2026-03-16 15:24:05.595 [http-nio-8080-exec-4] INFO  [69b7b015f7bbabdc] com.chen404.interceptor.LoggingInterceptor - 
========== RESPONSE START ==========
TraceId    : 69b7b015f7bbabdc
Method     : OPTIONS
URI        : /api/tags
Status     : 401
Duration   : 3ms
========== RESPONSE END ==========
2026-03-16 15:24:12.780 [http-nio-8080-exec-6] INFO  [69b7b01ce7d54d98] com.chen404.interceptor.LoggingInterceptor - 
========== REQUEST START ==========
TraceId    : 69b7b01ce7d54d98
Method     : OPTIONS
URI        : /api/categories
Query      : withArticleCount=true
ClientIP   : 0:0:0:0:0:0:0:1
Headers    : { user-agent=Mozilla/5.0 (Windows NT 10.0; Win64; x64) AppleWebKit/537.36 (KHTML, like Gecko) Chrome/146.0.0.0 Safari/537.36 Edg/146.0.0.0 }
Params     : { withArticleCount=true }
========== REQUEST END ==========
2026-03-16 15:24:12.780 [http-nio-8080-exec-7] INFO  [69b7b01c44dcb06e] com.chen404.interceptor.LoggingInterceptor - 
========== REQUEST START ==========
TraceId    : 69b7b01c44dcb06e
Method     : OPTIONS
URI        : /api/tags
Query      : withArticleCount=true
ClientIP   : 0:0:0:0:0:0:0:1
Headers    : { user-agent=Mozilla/5.0 (Windows NT 10.0; Win64; x64) AppleWebKit/537.36 (KHTML, like Gecko) Chrome/146.0.0.0 Safari/537.36 Edg/146.0.0.0 }
Params     : { withArticleCount=true }
========== REQUEST END ==========
2026-03-16 15:24:12.781 [http-nio-8080-exec-6] INFO  [69b7b01ce7d54d98] com.chen404.interceptor.LoggingInterceptor - 
========== RESPONSE START ==========
TraceId    : 69b7b01ce7d54d98
Method     : OPTIONS
URI        : /api/categories
Status     : 401
Duration   : 1ms
========== RESPONSE END ==========
2026-03-16 15:24:12.781 [http-nio-8080-exec-7] INFO  [69b7b01c44dcb06e] com.chen404.interceptor.LoggingInterceptor - 
========== RESPONSE START ==========
TraceId    : 69b7b01c44dcb06e
Method     : OPTIONS
URI        : /api/tags
Status     : 401
Duration   : 1ms
========== RESPONSE END ==========
2026-03-16 15:24:37.611 [http-nio-8080-exec-9] INFO  [69b7b035c5df0612] com.chen404.interceptor.LoggingInterceptor - 
========== REQUEST START ==========
TraceId    : 69b7b035c5df0612
Method     : OPTIONS
URI        : /api/categories
Query      : withArticleCount=true
ClientIP   : 0:0:0:0:0:0:0:1
Headers    : { user-agent=Mozilla/5.0 (Windows NT 10.0; Win64; x64) AppleWebKit/537.36 (KHTML, like Gecko) Chrome/146.0.0.0 Safari/537.36 Edg/146.0.0.0 }
Params     : { withArticleCount=true }
========== REQUEST END ==========
2026-03-16 15:24:37.611 [http-nio-8080-exec-8] INFO  [69b7b035639822b6] com.chen404.interceptor.LoggingInterceptor - 
========== REQUEST START ==========
TraceId    : 69b7b035639822b6
Method     : OPTIONS
URI        : /api/tags
Query      : withArticleCount=true
ClientIP   : 0:0:0:0:0:0:0:1
Headers    : { user-agent=Mozilla/5.0 (Windows NT 10.0; Win64; x64) AppleWebKit/537.36 (KHTML, like Gecko) Chrome/146.0.0.0 Safari/537.36 Edg/146.0.0.0 }
Params     : { withArticleCount=true }
========== REQUEST END ==========
2026-03-16 15:24:37.612 [http-nio-8080-exec-9] INFO  [69b7b035c5df0612] com.chen404.interceptor.LoggingInterceptor - 
========== RESPONSE START ==========
TraceId    : 69b7b035c5df0612
Method     : OPTIONS
URI        : /api/categories
Status     : 401
Duration   : 1ms
========== RESPONSE END ==========
2026-03-16 15:24:37.614 [http-nio-8080-exec-8] INFO  [69b7b035639822b6] com.chen404.interceptor.LoggingInterceptor - 
========== RESPONSE START ==========
TraceId    : 69b7b035639822b6
Method     : OPTIONS
URI        : /api/tags
Status     : 401
Duration   : 3ms
========== RESPONSE END ==========
