2026-03-16 14:51:09.129 [main] WARN  [] org.mybatis.spring.mapper.ClassPathMapperScanner - Skipping MapperFactoryBean with name 'articleMapper' and 'com.chen404.mapper.ArticleMapper' mapperInterface. Bean already defined with the same name!
2026-03-16 14:51:09.130 [main] WARN  [] org.mybatis.spring.mapper.ClassPathMapperScanner - Skipping MapperFactoryBean with name 'articleTagMapper' and 'com.chen404.mapper.ArticleTagMapper' mapperInterface. Bean already defined with the same name!
2026-03-16 14:51:09.130 [main] WARN  [] org.mybatis.spring.mapper.ClassPathMapperScanner - Skipping MapperFactoryBean with name 'bannerMapper' and 'com.chen404.mapper.BannerMapper' mapperInterface. Bean already defined with the same name!
2026-03-16 14:51:09.130 [main] WARN  [] org.mybatis.spring.mapper.ClassPathMapperScanner - Skipping MapperFactoryBean with name 'categoryMapper' and 'com.chen404.mapper.CategoryMapper' mapperInterface. Bean already defined with the same name!
2026-03-16 14:51:09.130 [main] WARN  [] org.mybatis.spring.mapper.ClassPathMapperScanner - Skipping MapperFactoryBean with name 'roleMapper' and 'com.chen404.mapper.RoleMapper' mapperInterface. Bean already defined with the same name!
2026-03-16 14:51:09.130 [main] WARN  [] org.mybatis.spring.mapper.ClassPathMapperScanner - Skipping MapperFactoryBean with name 'tagMapper' and 'com.chen404.mapper.TagMapper' mapperInterface. Bean already defined with the same name!
2026-03-16 14:51:09.130 [main] WARN  [] org.mybatis.spring.mapper.ClassPathMapperScanner - Skipping MapperFactoryBean with name 'userMapper' and 'com.chen404.mapper.UserMapper' mapperInterface. Bean already defined with the same name!
2026-03-16 14:51:09.131 [main] WARN  [] org.mybatis.spring.mapper.ClassPathMapperScanner - Skipping MapperFactoryBean with name 'userRoleMapper' and 'com.chen404.mapper.UserRoleMapper' mapperInterface. Bean already defined with the same name!
2026-03-16 14:51:09.131 [main] WARN  [] org.mybatis.spring.mapper.ClassPathMapperScanner - No MyBatis mapper was found in '[com.chen404.mapper]' package. Please check your configuration.
2026-03-16 14:51:10.119 [main] WARN  [] o.s.b.a.s.s.UserDetailsServiceAutoConfiguration - 

Using generated security password: e98aa9fb-1f3e-47c3-a70f-891db5c25196

This generated password is for development use only. Your security configuration must be updated before running your application in production.

2026-03-16 14:54:12.867 [main] WARN  [] org.mybatis.spring.mapper.ClassPathMapperScanner - Skipping MapperFactoryBean with name 'articleMapper' and 'com.chen404.mapper.ArticleMapper' mapperInterface. Bean already defined with the same name!
2026-03-16 14:54:12.868 [main] WARN  [] org.mybatis.spring.mapper.ClassPathMapperScanner - Skipping MapperFactoryBean with name 'articleTagMapper' and 'com.chen404.mapper.ArticleTagMapper' mapperInterface. Bean already defined with the same name!
2026-03-16 14:54:12.868 [main] WARN  [] org.mybatis.spring.mapper.ClassPathMapperScanner - Skipping MapperFactoryBean with name 'bannerMapper' and 'com.chen404.mapper.BannerMapper' mapperInterface. Bean already defined with the same name!
2026-03-16 14:54:12.868 [main] WARN  [] org.mybatis.spring.mapper.ClassPathMapperScanner - Skipping MapperFactoryBean with name 'categoryMapper' and 'com.chen404.mapper.CategoryMapper' mapperInterface. Bean already defined with the same name!
2026-03-16 14:54:12.868 [main] WARN  [] org.mybatis.spring.mapper.ClassPathMapperScanner - Skipping MapperFactoryBean with name 'roleMapper' and 'com.chen404.mapper.RoleMapper' mapperInterface. Bean already defined with the same name!
2026-03-16 14:54:12.868 [main] WARN  [] org.mybatis.spring.mapper.ClassPathMapperScanner - Skipping MapperFactoryBean with name 'tagMapper' and 'com.chen404.mapper.TagMapper' mapperInterface. Bean already defined with the same name!
2026-03-16 14:54:12.868 [main] WARN  [] org.mybatis.spring.mapper.ClassPathMapperScanner - Skipping MapperFactoryBean with name 'userMapper' and 'com.chen404.mapper.UserMapper' mapperInterface. Bean already defined with the same name!
2026-03-16 14:54:12.868 [main] WARN  [] org.mybatis.spring.mapper.ClassPathMapperScanner - Skipping MapperFactoryBean with name 'userRoleMapper' and 'com.chen404.mapper.UserRoleMapper' mapperInterface. Bean already defined with the same name!
2026-03-16 14:54:12.868 [main] WARN  [] org.mybatis.spring.mapper.ClassPathMapperScanner - No MyBatis mapper was found in '[com.chen404.mapper]' package. Please check your configuration.
2026-03-16 14:54:13.728 [main] WARN  [] o.s.b.a.s.s.UserDetailsServiceAutoConfiguration - 

Using generated security password: d9df0def-6c74-47c7-9662-bd4dc04314b5

This generated password is for development use only. Your security configuration must be updated before running your application in production.

2026-03-16 14:56:41.352 [main] WARN  [] org.mybatis.spring.mapper.ClassPathMapperScanner - Skipping MapperFactoryBean with name 'articleMapper' and 'com.chen404.mapper.ArticleMapper' mapperInterface. Bean already defined with the same name!
2026-03-16 14:56:41.352 [main] WARN  [] org.mybatis.spring.mapper.ClassPathMapperScanner - Skipping MapperFactoryBean with name 'articleTagMapper' and 'com.chen404.mapper.ArticleTagMapper' mapperInterface. Bean already defined with the same name!
2026-03-16 14:56:41.352 [main] WARN  [] org.mybatis.spring.mapper.ClassPathMapperScanner - Skipping MapperFactoryBean with name 'bannerMapper' and 'com.chen404.mapper.BannerMapper' mapperInterface. Bean already defined with the same name!
2026-03-16 14:56:41.352 [main] WARN  [] org.mybatis.spring.mapper.ClassPathMapperScanner - Skipping MapperFactoryBean with name 'categoryMapper' and 'com.chen404.mapper.CategoryMapper' mapperInterface. Bean already defined with the same name!
2026-03-16 14:56:41.352 [main] WARN  [] org.mybatis.spring.mapper.ClassPathMapperScanner - Skipping MapperFactoryBean with name 'roleMapper' and 'com.chen404.mapper.RoleMapper' mapperInterface. Bean already defined with the same name!
2026-03-16 14:56:41.353 [main] WARN  [] org.mybatis.spring.mapper.ClassPathMapperScanner - Skipping MapperFactoryBean with name 'tagMapper' and 'com.chen404.mapper.TagMapper' mapperInterface. Bean already defined with the same name!
2026-03-16 14:56:41.353 [main] WARN  [] org.mybatis.spring.mapper.ClassPathMapperScanner - Skipping MapperFactoryBean with name 'userMapper' and 'com.chen404.mapper.UserMapper' mapperInterface. Bean already defined with the same name!
2026-03-16 14:56:41.353 [main] WARN  [] org.mybatis.spring.mapper.ClassPathMapperScanner - Skipping MapperFactoryBean with name 'userRoleMapper' and 'com.chen404.mapper.UserRoleMapper' mapperInterface. Bean already defined with the same name!
2026-03-16 14:56:41.353 [main] WARN  [] org.mybatis.spring.mapper.ClassPathMapperScanner - No MyBatis mapper was found in '[com.chen404.mapper]' package. Please check your configuration.
2026-03-16 14:59:18.742 [main] WARN  [] org.mybatis.spring.mapper.ClassPathMapperScanner - Skipping MapperFactoryBean with name 'articleMapper' and 'com.chen404.mapper.ArticleMapper' mapperInterface. Bean already defined with the same name!
2026-03-16 14:59:18.743 [main] WARN  [] org.mybatis.spring.mapper.ClassPathMapperScanner - Skipping MapperFactoryBean with name 'articleTagMapper' and 'com.chen404.mapper.ArticleTagMapper' mapperInterface. Bean already defined with the same name!
2026-03-16 14:59:18.743 [main] WARN  [] org.mybatis.spring.mapper.ClassPathMapperScanner - Skipping MapperFactoryBean with name 'bannerMapper' and 'com.chen404.mapper.BannerMapper' mapperInterface. Bean already defined with the same name!
2026-03-16 14:59:18.743 [main] WARN  [] org.mybatis.spring.mapper.ClassPathMapperScanner - Skipping MapperFactoryBean with name 'categoryMapper' and 'com.chen404.mapper.CategoryMapper' mapperInterface. Bean already defined with the same name!
2026-03-16 14:59:18.743 [main] WARN  [] org.mybatis.spring.mapper.ClassPathMapperScanner - Skipping MapperFactoryBean with name 'roleMapper' and 'com.chen404.mapper.RoleMapper' mapperInterface. Bean already defined with the same name!
2026-03-16 14:59:18.743 [main] WARN  [] org.mybatis.spring.mapper.ClassPathMapperScanner - Skipping MapperFactoryBean with name 'tagMapper' and 'com.chen404.mapper.TagMapper' mapperInterface. Bean already defined with the same name!
2026-03-16 14:59:18.743 [main] WARN  [] org.mybatis.spring.mapper.ClassPathMapperScanner - Skipping MapperFactoryBean with name 'userMapper' and 'com.chen404.mapper.UserMapper' mapperInterface. Bean already defined with the same name!
2026-03-16 14:59:18.743 [main] WARN  [] org.mybatis.spring.mapper.ClassPathMapperScanner - Skipping MapperFactoryBean with name 'userRoleMapper' and 'com.chen404.mapper.UserRoleMapper' mapperInterface. Bean already defined with the same name!
2026-03-16 14:59:18.743 [main] WARN  [] org.mybatis.spring.mapper.ClassPathMapperScanner - No MyBatis mapper was found in '[com.chen404.mapper]' package. Please check your configuration.
2026-03-16 15:04:18.047 [main] WARN  [] org.mybatis.spring.mapper.ClassPathMapperScanner - Skipping MapperFactoryBean with name 'articleMapper' and 'com.chen404.mapper.ArticleMapper' mapperInterface. Bean already defined with the same name!
2026-03-16 15:04:18.047 [main] WARN  [] org.mybatis.spring.mapper.ClassPathMapperScanner - Skipping MapperFactoryBean with name 'articleTagMapper' and 'com.chen404.mapper.ArticleTagMapper' mapperInterface. Bean already defined with the same name!
2026-03-16 15:04:18.047 [main] WARN  [] org.mybatis.spring.mapper.ClassPathMapperScanner - Skipping MapperFactoryBean with name 'bannerMapper' and 'com.chen404.mapper.BannerMapper' mapperInterface. Bean already defined with the same name!
2026-03-16 15:04:18.047 [main] WARN  [] org.mybatis.spring.mapper.ClassPathMapperScanner - Skipping MapperFactoryBean with name 'categoryMapper' and 'com.chen404.mapper.CategoryMapper' mapperInterface. Bean already defined with the same name!
2026-03-16 15:04:18.047 [main] WARN  [] org.mybatis.spring.mapper.ClassPathMapperScanner - Skipping MapperFactoryBean with name 'roleMapper' and 'com.chen404.mapper.RoleMapper' mapperInterface. Bean already defined with the same name!
2026-03-16 15:04:18.047 [main] WARN  [] org.mybatis.spring.mapper.ClassPathMapperScanner - Skipping MapperFactoryBean with name 'tagMapper' and 'com.chen404.mapper.TagMapper' mapperInterface. Bean already defined with the same name!
2026-03-16 15:04:18.047 [main] WARN  [] org.mybatis.spring.mapper.ClassPathMapperScanner - Skipping MapperFactoryBean with name 'userMapper' and 'com.chen404.mapper.UserMapper' mapperInterface. Bean already defined with the same name!
2026-03-16 15:04:18.047 [main] WARN  [] org.mybatis.spring.mapper.ClassPathMapperScanner - Skipping MapperFactoryBean with name 'userRoleMapper' and 'com.chen404.mapper.UserRoleMapper' mapperInterface. Bean already defined with the same name!
2026-03-16 15:04:18.048 [main] WARN  [] org.mybatis.spring.mapper.ClassPathMapperScanner - No MyBatis mapper was found in '[com.chen404.mapper]' package. Please check your configuration.
